ASxxxx Linker V03.00 + NoICE + sdld,  page 1.
Hexadecimal  [32-Bits]

Area                                    Addr        Size        Decimal Bytes (Attributes)
--------------------------------        ----        ----        ------- ----- ------------
CABS                                00000000    00000000 =           0. bytes (ABS,CON,CODE)

      Value  Global                              Global Defined In Module
      -----  --------------------------------   ------------------------
C:   00000000  l_BSEG                          
C:   00000000  l_BSEG_BYTES                    
C:   00000000  l_CABS                          
C:   00000000  l_GSINIT1                       
C:   00000000  l_GSINIT5                       
C:   00000000  l_IABS                          
C:   00000000  l_ISEG                          
C:   00000000  l_PSEG                          
C:   00000000  l_REG_BANK_1                    
C:   00000000  l_REG_BANK_2                    
C:   00000000  l_REG_BANK_3                    
C:   00000000  l_RSEG                          
C:   00000000  l_RSEG0                         
C:   00000000  l_RSEG1                         
C:   00000000  l_XABS                          
C:   00000000  l_XINIT                         
C:   00000000  l_XISEG                         
C:   00000000  l_XSEG                          
C:   00000000  l__CODE                         
C:   00000000  s_BSEG                          
C:   00000000  s_CABS                          
C:   00000000  s_DSEG                          
C:   00000000  s_HOME                          
C:   00000000  s_IABS                          
C:   00000000  s_ISEG                          
C:   00000000  s_REG_BANK_0                    
C:   00000000  s_RSEG                          
C:   00000000  s_RSEG0                         
C:   00000000  s_RSEG1                         
C:   00000000  s_XABS                          
C:   00000001  l_BIT_BANK                      
C:   00000001  s_PSEG                          
C:   00000001  s_XISEG                         
C:   00000001  s_XSEG                          
C:   00000003  l_GSFINAL                       
C:   00000003  l_GSINIT0                       
C:   00000007  l_OSEG                          
C:   00000008  l_REG_BANK_0                    
C:   00000008  s_REG_BANK_1                    
C:   0000000A  l_GSINIT2                       
C:   0000000C  s_OSEG                          
C:   00000010  s_REG_BANK_2                    
C:   00000018  s_REG_BANK_3                    
C:   00000020  s_BIT_BANK                      
C:   00000020  s_BSEG_BYTES                    
C:   00000020  s__CODE                         
C:   00000022  l_CONST                         
C:   00000022  l_GSINIT3                       
C:   0000002A  l_GSINIT4                       
C:   00000039  l_GSINIT                        
ASxxxx Linker V03.00 + NoICE + sdld,  page 2.
Hexadecimal  [32-Bits]

Area                                    Addr        Size        Decimal Bytes (Attributes)
--------------------------------        ----        ----        ------- ----- ------------
CABS                                00000000    00000000 =           0. bytes (ABS,CON,CODE)

      Value  Global                              Global Defined In Module
      -----  --------------------------------   ------------------------
C:   00000059  l_HOME                          
C:   00000059  s_GSINIT0                       
C:   0000005C  s_GSINIT1                       
C:   0000005C  s_GSINIT2                       
C:   00000066  s_GSINIT3                       
C:   00000073  l_DSEG                          
C:   00000079  s_SSEG                          
C:   00000087  l_SSEG                          
C:   00000088  s_GSINIT4                       
C:   000000B2  s_GSINIT                        
C:   000000B2  s_GSINIT5                       
C:   000000EB  s_GSFINAL                       
C:   000000EE  s_CSEG                          
C:   00000100  l_IRAM                          
C:   000004E1  l_CSEG                          
C:   000005CF  s_CONST                         
C:   000005F1  s_XINIT                         

ASxxxx Linker V03.00 + NoICE + sdld,  page 3.
Hexadecimal  [32-Bits]

Area                                    Addr        Size        Decimal Bytes (Attributes)
--------------------------------        ----        ----        ------- ----- ------------
.  .ABS.                            00000000    00000000 =           0. bytes (ABS,CON)

      Value  Global                              Global Defined In Module
      -----  --------------------------------   ------------------------
     00000000  .__.ABS.                           _gptrput
     00000080  _DIO2                              spi
     00000080  _P0                                spi
     00000080  _P0_0                              spi
     00000081  _DIO3                              spi
     00000081  _P0_1                              spi
     00000081  _RXD                               spi
     00000081  _SP                                spi
     00000082  _DIO4                              spi
     00000082  _DPL                               spi
     00000082  _DPL0                              spi
     00000082  _P0_2                              spi
     00000082  _TXD                               spi
     00000083  _DIO5                              spi
     00000083  _DPH                               spi
     00000083  _DPH0                              spi
     00000083  _INT0_N                            spi
     00000083  _P0_3                              spi
     00000084  _DIO6                              spi
     00000084  _DPL1                              spi
     00000084  _INT1_N                            spi
     00000084  _P0_4                              spi
     00000085  _DIO7                              spi
     00000085  _DPH1                              spi
     00000085  _P0_5                              spi
     00000085  _T0                                spi
     00000086  _DIO8                              spi
     00000086  _DPS                               spi
     00000086  _P0_6                              spi
     00000086  _T1                                spi
     00000087  _DIO9                              spi
     00000087  _P0_7                              spi
     00000087  _PCON                              spi
     00000087  _PWM                               spi
     00000088  _IT0                               spi
     00000088  _TCON                              spi
     00000089  _IE0                               spi
     00000089  _TMOD                              spi
     0000008A  _IT1                               spi
     0000008A  _TL0                               spi
     0000008B  _IE1                               spi
     0000008B  _TL1                               spi
     0000008C  _TH0                               spi
     0000008C  _TR0                               spi
     0000008D  _TF0                               spi
     0000008D  _TH1                               spi
     0000008E  _CKCON                             spi
     0000008E  _TR1                               spi
     0000008F  _SPC_FNC                           spi
     0000008F  _TF1                               spi
ASxxxx Linker V03.00 + NoICE + sdld,  page 4.
Hexadecimal  [32-Bits]

Area                                    Addr        Size        Decimal Bytes (Attributes)
--------------------------------        ----        ----        ------- ----- ------------
.  .ABS.                            00000000    00000000 =           0. bytes (ABS,CON)

      Value  Global                              Global Defined In Module
      -----  --------------------------------   ------------------------
     00000090  _DIO0                              spi
     00000090  _P1                                spi
     00000090  _P1_0                              spi
     00000090  _T2                                spi
     00000091  _DIO1                              spi
     00000091  _EXIF                              spi
     00000091  _P1_1                              spi
     00000092  _DIN0                              spi
     00000092  _MPAGE                             spi
     00000092  _P1_2                              spi
     00000094  _P0_DIR                            spi
     00000095  _P0_ALT                            spi
     00000096  _P1_DIR                            spi
     00000097  _P1_ALT                            spi
     00000098  _RI                                spi
     00000098  _SCON                              spi
     00000099  _SBUF                              spi
     00000099  _TI                                spi
     0000009A  _RB8                               spi
     0000009B  _TB8                               spi
     0000009C  _REN                               spi
     0000009D  _SM2                               spi
     0000009E  _SM1                               spi
     0000009F  _SM0                               spi
     000000A0  _DATA                              spi
     000000A0  _RADIO                             spi
     000000A0  __XPAGE                            
     000000A1  _ADCCON                            spi
     000000A1  _CLK1                              spi
     000000A2  _ADCDATAH                          spi
     000000A2  _DR1                               spi
     000000A3  _ADCDATAL                          spi
     000000A3  _CS                                spi
     000000A4  _ADCSTATIC                         spi
     000000A4  _DOUT2                             spi
     000000A5  _CLK2                              spi
     000000A6  _CE                                spi
     000000A6  _DR2                               spi
     000000A6  _DR2_CE                            spi
     000000A7  _PWR_UP                            spi
     000000A8  _EX0                               spi
     000000A8  _IE                                spi
     000000A9  _ET0                               spi
     000000A9  _PWMCON                            spi
     000000AA  _EX1                               spi
     000000AA  _PWMDUTY                           spi
     000000AB  _ET1                               spi
     000000AB  _REGX_MSB                          spi
     000000AC  _ES                                spi
     000000AC  _REGX_LSB                          spi
     000000AD  _ET2                               spi
ASxxxx Linker V03.00 + NoICE + sdld,  page 5.
Hexadecimal  [32-Bits]

Area                                    Addr        Size        Decimal Bytes (Attributes)
--------------------------------        ----        ----        ------- ----- ------------
.  .ABS.                            00000000    00000000 =           0. bytes (ABS,CON)

      Value  Global                              Global Defined In Module
      -----  --------------------------------   ------------------------
     000000AD  _REGX_CTRL                         spi
     000000AF  _EA                                spi
     000000B1  _RSTREAS                           spi
     000000B2  _SPI_DATA                          spi
     000000B3  _SPI_CTRL                          spi
     000000B4  _SPICLK                            spi
     000000B5  _TICK_DV                           spi
     000000B6  _CK_CTRL                           spi
     000000B7  _TEST_MODE                         spi
     000000B8  _IP                                spi
     000000B8  _PX0                               spi
     000000B9  _PT0                               spi
     000000BA  _PX1                               spi
     000000BB  _PT1                               spi
     000000BC  _PS                                spi
     000000BC  _T1_1V2                            spi
     000000BD  _PT2                               spi
     000000BD  _T2_1V2                            spi
     000000BE  _DEV_OFFSET                        spi
     000000C8  _CPRL2                             spi
     000000C8  _CP_RL2                            spi
     000000C8  _T2CON                             spi
     000000C9  _CT2                               spi
     000000C9  _C_T2                              spi
     000000CA  _RCAP2L                            spi
     000000CA  _TR2                               spi
     000000CB  _EXEN2                             spi
     000000CB  _RCAP2H                            spi
     000000CC  _TCLK                              spi
     000000CC  _TL2                               spi
     000000CD  _RCLK                              spi
     000000CD  _TH2                               spi
     000000CE  _EXF2                              spi
     000000CF  _TF2                               spi
     000000D0  _P                                 spi
     000000D0  _PSW                               spi
     000000D1  _F1                                spi
     000000D2  _OV                                spi
     000000D3  _RS0                               spi
     000000D4  _RS1                               spi
     000000D5  _F0                                spi
     000000D6  _AC                                spi
     000000D7  _CY                                spi
     000000D8  _EICON                             spi
     000000DB  _WDTI                              spi
     000000E0  _ACC                               spi
     000000E8  _EIE                               spi
     000000E8  _EX2                               spi
     000000E9  _EX3                               spi
     000000EA  _EX4                               spi
     000000EB  _EX5                               spi
ASxxxx Linker V03.00 + NoICE + sdld,  page 6.
Hexadecimal  [32-Bits]

Area                                    Addr        Size        Decimal Bytes (Attributes)
--------------------------------        ----        ----        ------- ----- ------------
.  .ABS.                            00000000    00000000 =           0. bytes (ABS,CON)

      Value  Global                              Global Defined In Module
      -----  --------------------------------   ------------------------
     000000EC  _EWDI                              spi
     000000F0  _B                                 spi
     000000F5  _B_5                               _gptrput
     000000F6  _B_6                               _gptrput
     000000F7  _B_7                               _gptrput
     000000F8  _EIP                               spi
     000000F8  _PX2                               spi
     000000F9  _PX3                               spi
     000000FA  _PX4                               spi
     000000FB  _PX5                               spi
     000000FC  _PWDI                              spi

ASxxxx Linker V03.00 + NoICE + sdld,  page 7.
Hexadecimal  [32-Bits]

Area                                    Addr        Size        Decimal Bytes (Attributes)
--------------------------------        ----        ----        ------- ----- ------------
REG_BANK_0                          00000000    00000008 =           8. bytes (REL,OVR)

      Value  Global                              Global Defined In Module
      -----  --------------------------------   ------------------------
ASxxxx Linker V03.00 + NoICE + sdld,  page 8.
Hexadecimal  [32-Bits]

Area                                    Addr        Size        Decimal Bytes (Attributes)
--------------------------------        ----        ----        ------- ----- ------------
BIT_BANK                            00000020    00000001 =           1. bytes (REL,OVR)

      Value  Global                              Global Defined In Module
      -----  --------------------------------   ------------------------
ASxxxx Linker V03.00 + NoICE + sdld,  page 9.
Hexadecimal  [32-Bits]

Area                                    Addr        Size        Decimal Bytes (Attributes)
--------------------------------        ----        ----        ------- ----- ------------
DSEG                                00000000    00000073 =         115. bytes (REL,CON)

      Value  Global                              Global Defined In Module
      -----  --------------------------------   ------------------------
     00000008  _MHZ                               utils
     00000021  _rf_data                           main
     00000030  _cfg                               main
     00000033  _counter                           main
     00000034  _Meassage                          main
     0000005D  _rf_buf                            rf
     00000074  _poll_rf_send_PARM_2               rf
     00000075  _poll_rf_send_PARM_3               rf
     00000078  _poll_rf_send_PARM_4               rf
ASxxxx Linker V03.00 + NoICE + sdld,  page 10.
Hexadecimal  [32-Bits]

Area                                    Addr        Size        Decimal Bytes (Attributes)
--------------------------------        ----        ----        ------- ----- ------------
OSEG                                0000000C    00000007 =           7. bytes (REL,OVR)

      Value  Global                              Global Defined In Module
      -----  --------------------------------   ------------------------
     0000000C  __divsint_PARM_2                   _divuint
     0000000C  __divuint_PARM_2                   _divuint
     0000000C  __gptrput_PARM_2                   _gptrput
     0000000C  __modsint_PARM_2                   _moduint
     0000000C  __moduint_PARM_2                   _moduint
     0000000C  __mullong_PARM_2                   _mullong
     0000000C  _spi_init_PARM_2                   spi
     0000000C  _strncpy_PARM_2                    utils
     0000000F  _strncpy_PARM_3                    utils
     00000011  _strncpy_i_1_1                     utils

ASxxxx Linker V03.00 + NoICE + sdld,  page 11.
Hexadecimal  [32-Bits]

Area                                    Addr        Size        Decimal Bytes (Attributes)
--------------------------------        ----        ----        ------- ----- ------------
SSEG                                00000079    00000087 =         135. bytes (REL,OVR)

      Value  Global                              Global Defined In Module
      -----  --------------------------------   ------------------------
     00000079  __start__stack                     main

ASxxxx Linker V03.00 + NoICE + sdld,  page 12.
Hexadecimal  [32-Bits]

Area                                    Addr        Size        Decimal Bytes (Attributes)
--------------------------------        ----        ----        ------- ----- ------------
HOME                                00000000    00000059 =          89. bytes (REL,CON,CODE)

      Value  Global                              Global Defined In Module
      -----  --------------------------------   ------------------------
C:   00000056  __sdcc_program_startup             main

ASxxxx Linker V03.00 + NoICE + sdld,  page 13.
Hexadecimal  [32-Bits]

Area                                    Addr        Size        Decimal Bytes (Attributes)
--------------------------------        ----        ----        ------- ----- ------------
GSINIT0                             00000059    00000003 =           3. bytes (REL,CON,CODE)

      Value  Global                              Global Defined In Module
      -----  --------------------------------   ------------------------
C:   00000059  __sdcc_gsinit_startup              

ASxxxx Linker V03.00 + NoICE + sdld,  page 14.
Hexadecimal  [32-Bits]

Area                                    Addr        Size        Decimal Bytes (Attributes)
--------------------------------        ----        ----        ------- ----- ------------
GSINIT2                             0000005C    0000000A =          10. bytes (REL,CON,CODE)

      Value  Global                              Global Defined In Module
      -----  --------------------------------   ------------------------
ASxxxx Linker V03.00 + NoICE + sdld,  page 15.
Hexadecimal  [32-Bits]

Area                                    Addr        Size        Decimal Bytes (Attributes)
--------------------------------        ----        ----        ------- ----- ------------
GSINIT3                             00000066    00000022 =          34. bytes (REL,CON,CODE)

      Value  Global                              Global Defined In Module
      -----  --------------------------------   ------------------------
C:   00000066  __mcs51_genXINIT                   

ASxxxx Linker V03.00 + NoICE + sdld,  page 16.
Hexadecimal  [32-Bits]

Area                                    Addr        Size        Decimal Bytes (Attributes)
--------------------------------        ----        ----        ------- ----- ------------
GSINIT4                             00000088    0000002A =          42. bytes (REL,CON,CODE)

      Value  Global                              Global Defined In Module
      -----  --------------------------------   ------------------------
C:   00000088  __mcs51_genRAMCLEAR                
C:   0000008E  __mcs51_genXRAMCLEAR               

ASxxxx Linker V03.00 + NoICE + sdld,  page 17.
Hexadecimal  [32-Bits]

Area                                    Addr        Size        Decimal Bytes (Attributes)
--------------------------------        ----        ----        ------- ----- ------------
GSINIT                              000000B2    00000039 =          57. bytes (REL,CON,CODE)

      Value  Global                              Global Defined In Module
      -----  --------------------------------   ------------------------
ASxxxx Linker V03.00 + NoICE + sdld,  page 18.
Hexadecimal  [32-Bits]

Area                                    Addr        Size        Decimal Bytes (Attributes)
--------------------------------        ----        ----        ------- ----- ------------
GSFINAL                             000000EB    00000003 =           3. bytes (REL,CON,CODE)

      Value  Global                              Global Defined In Module
      -----  --------------------------------   ------------------------
ASxxxx Linker V03.00 + NoICE + sdld,  page 19.
Hexadecimal  [32-Bits]

Area                                    Addr        Size        Decimal Bytes (Attributes)
--------------------------------        ----        ----        ------- ----- ------------
CSEG                                000000EE    000004E1 =        1249. bytes (REL,CON,CODE)

      Value  Global                              Global Defined In Module
      -----  --------------------------------   ------------------------
C:   000000EE  _main                              main
C:   00000150  _interrupt_rf                      main
C:   00000245  _serial_init                       serial
C:   00000261  _putc                              serial
C:   00000264  _puts                              serial
C:   0000028F  _getc                              serial
C:   00000292  _int_print                         serial
C:   000002D9  _store_cpu_rate                    utils
C:   000002EA  _mdelay                            utils
C:   0000035B  _wdt_load                          utils
C:   0000036C  _strncpy                           utils
C:   000003B9  __mullong                          _mullong
C:   000003B9  __mullong_dummy                    _mullong
C:   00000427  __moduint                          _moduint
C:   00000474  _poll_rf_init                      rf
C:   0000047F  _poll_rf_configure                 rf
C:   000004CA  _poll_rf_send                      rf
C:   0000052D  _poll_rf_wait_msg                  rf
C:   00000554  __divuint                          _divuint
C:   0000057D  __gptrget                          _gptrget
C:   00000599  _spi_init                          spi
C:   000005A0  _spi_write_then_read               spi
C:   000005B0  __sdcc_external_startup            _startup
C:   000005B4  __gptrput                          _gptrput
ASxxxx Linker V03.00 + NoICE + sdld,  page 20.
Hexadecimal  [32-Bits]

Area                                    Addr        Size        Decimal Bytes (Attributes)
--------------------------------        ----        ----        ------- ----- ------------
CONST                               000005CF    00000022 =          34. bytes (REL,CON,CODE)

      Value  Global                              Global Defined In Module
      -----  --------------------------------   ------------------------
ASxxxx Linker V03.00 + NoICE + sdld,  page 21.

Files Linked                              [ module(s) ]

./src/main.rel                            [  ]


Libraries Linked                          [ object file ]

c:\Program Files\SDCC\bin\..\lib\small/mcs51.lib
                                          [ crtclear.rel ]
c:\Program Files\SDCC\bin\..\lib\small/mcs51.lib
                                          [ crtxinit.rel ]
C:\Program Files\EPL_LIB/E1_LIB/lib/ECO_E1.lib
                                          [ serial ]
C:\Program Files\EPL_LIB/E1_LIB/lib/ECO_E1.lib
                                          [ utils ]
c:\Program Files\SDCC\bin\..\lib\small/liblong.lib
                                          [ _mullong.rel ]
c:\Program Files\SDCC\bin\..\lib\small/libint.lib
                                          [ _moduint.rel ]
c:\Program Files\SDCC\bin\..\lib\small/mcs51.lib
                                          [ crtxclear.rel ]
C:\Program Files\EPL_LIB/E1_LIB/lib/ECO_E1.lib
                                          [ rf ]
c:\Program Files\SDCC\bin\..\lib\small/libint.lib
                                          [ _divuint.rel ]
c:\Program Files\SDCC\bin\..\lib\small/mcs51.lib
                                          [ crtpagesfr.rel ]
c:\Program Files\SDCC\bin\..\lib\small/mcs51.lib
                                          [ crtstart.rel ]
c:\Program Files\SDCC\bin\..\lib\small/libsdcc.lib
                                          [ _gptrget.rel ]
C:\Program Files\EPL_LIB/E1_LIB/lib/ECO_E1.lib
                                          [ spi ]
c:\Program Files\SDCC\bin\..\lib\small/libsdcc.lib
                                          [ _startup.rel ]
c:\Program Files\SDCC\bin\..\lib\small/libsdcc.lib
                                          [ _gptrput.rel ]

ASxxxx Linker V03.00 + NoICE + sdld,  page 22.

User Base Address Definitions

HOME = 0x0000
XSEG = 0x0001
PSEG = 0x0001
ISEG = 0x0000
BSEG = 0x0000

